<?xml version="1.0" encoding="utf-8"?><testsuites name="pytest tests"><testsuite name="pytest" errors="0" failures="0" skipped="0" tests="17" time="2.197" timestamp="2026-08-19T08:38:46.064088-03:00" hostname="BFL657921-N"><testcase classname="tests.test_app.TestHealth" name="test_health_returns_ok" time="1.561" /><testcase classname="tests.test_app.TestAuthMiddleware" name="test_missing_auth_header_returns_401" time="0.014" /><testcase classname="tests.test_app.TestAuthMiddleware" name="test_invalid_key_returns_401" time="0.016" /><testcase classname="tests.test_app.TestAuthMiddleware" name="test_auth_service_timeout_returns_504" time="0.016" /><testcase classname="tests.test_app.TestAuthMiddleware" name="test_auth_service_unavailable_returns_503" time="0.011" /><testcase classname="tests.test_app.TestCreateRule" name="test_create_rule_success" time="0.018" /><testcase classname="tests.test_app.TestCreateRule" name="test_create_rule_missing_fields_returns_400" time="0.012" /><testcase classname="tests.test_app.TestCreateRule" name="test_create_rule_duplicate_returns_409" time="0.017" /><testcase classname="tests.test_app.TestCreateRule" name="test_create_rule_db_error_returns_500" time="0.017" /><testcase classname="tests.test_app.TestGetRule" name="test_get_existing_rule_returns_200" time="0.016" /><testcase classname="tests.test_app.TestGetRule" name="test_get_nonexistent_rule_returns_404" time="0.016" /><testcase classname="tests.test_app.TestUpdateRule" name="test_update_rule_success" time="0.015" /><testcase classname="tests.test_app.TestUpdateRule" name="test_update_rule_no_body_returns_400" time="0.013" /><testcase classname="tests.test_app.TestUpdateRule" name="test_update_rule_no_valid_fields_returns_400" time="0.013" /><testcase classname="tests.test_app.TestUpdateRule" name="test_update_nonexistent_rule_returns_404" time="0.014" /><testcase classname="tests.test_app.TestDeleteRule" name="test_delete_existing_rule_returns_204" time="0.014" /><testcase classname="tests.test_app.TestDeleteRule" name="test_delete_nonexistent_rule_returns_404" time="0.011" /></testsuite></testsuites>